// Jest Snapshot v1, https://goo.gl/fbAQLP

exports[`Should render AddExpensePage correctly 1`] = `ShallowWrapper {}`;

exports[`Should render AddExpensePage correctly 2`] = `ShallowWrapper {}`;
