// Jest Snapshot v1, https://goo.gl/fbAQLP

exports[`Expect to render Header component 1`] = `ShallowWrapper {}`;
